// Jest Snapshot v1, https://goo.gl/fbAQLP

exports[`Pruebas en <AppRouter /> Debe mostrar la pantalla de login si no est√° autenticado 1`] = `
<div>
  <div
    class="d-flex justify-content-center align-items-center px-3 login-container"
  >
    <div
      class="d-sm-flex w-100"
    >
      <div
        class="login-form-1"
      >
        <h3>
          Login
        </h3>
        <form>
          <div
            class="form-floating mb-2"
          >
            <input
              class="form-control "
              name="loginEmail"
              placeholder="Your email"
              type="text"
              value=""
            />
            <div
              class="invalid-feedback"
            />
            <label>
              Email address
            </label>
          </div>
          <div
            class="input-group has-validation mb-2"
          >
            <div
              class="form-floating is-invalid"
            >
              <input
                class="form-control "
                name="loginPassword"
                placeholder="Your password"
                type="password"
                value=""
              />
              <label>
                Password
              </label>
            </div>
            <button
              class="btn bg-light-subtle border-light-subtle"
              style="width: 50px;"
              type="button"
            >
              <i
                class="fa-regular fa-eye"
              />
            </button>
            <div
              class="invalid-feedback"
            />
          </div>
          <div
            class="form-group mt-3"
          >
            <input
              class="btnSubmit"
              type="submit"
              value="Enter"
            />
          </div>
        </form>
      </div>
      <div
        class="login-form-2"
      >
        <h3>
          Register
        </h3>
        <form>
          <div
            class="form-floating mb-2"
          >
            <input
              class="form-control "
              name="registerName"
              placeholder="Your name"
              type="text"
              value=""
            />
            <div
              class="invalid-feedback fw-semibold"
            />
            <label>
              Name
            </label>
          </div>
          <div
            class="form-floating mb-2"
          >
            <input
              class="form-control "
              name="registerEmail"
              placeholder="Your email"
              type="email"
              value=""
            />
            <div
              class="invalid-feedback fw-semibold"
            />
            <label>
              Email
            </label>
          </div>
          <div
            class="input-group has-validation mb-2"
          >
            <div
              class="form-floating is-invalid"
            >
              <input
                class="form-control "
                name="registerPassword"
                placeholder="Your password"
                type="password"
                value=""
              />
              <label>
                Password
              </label>
            </div>
            <button
              class="btn bg-light-subtle border-light-subtle"
              style="width: 50px;"
              type="button"
            >
              <i
                class="fa-regular fa-eye"
              />
            </button>
            <div
              class="invalid-feedback fw-semibold"
            />
          </div>
          <div
            class="form-group mt-3"
          >
            <input
              class="btnSubmit"
              type="submit"
              value="Create account"
            />
          </div>
        </form>
      </div>
    </div>
  </div>
</div>
`;
